#
# There is insufficient memory for the Java Runtime Environment to continue.
# Native memory allocation (malloc) failed to allocate 1049936 bytes. Error detail: Chunk::new
# Possible reasons:
#   The system is out of physical RAM or swap space
#   This process is running with CompressedOops enabled, and the Java Heap may be blocking the growth of the native heap
# Possible solutions:
#   Reduce memory load on the system
#   Increase physical memory or swap space
#   Check if swap backing store is full
#   Decrease Java heap size (-Xmx/-Xms)
#   Decrease number of Java threads
#   Decrease Java thread stack sizes (-Xss)
#   Set larger code cache with -XX:ReservedCodeCacheSize=
#   JVM is running with Unscaled Compressed Oops mode in which the Java heap is
#     placed in the first 4GB address space. The Java Heap base address is the
#     maximum limit for the native heap growth. Please use -XX:HeapBaseMinAddress
#     to set the Java Heap base and to place the Java Heap above 4GB virtual address.
# This output file may be truncated or incomplete.
#
#  Out of Memory Error (arena.cpp:168), pid=15620, tid=22984
#
# JRE version: OpenJDK Runtime Environment Temurin-21.0.10+7 (21.0.10+7) (build 21.0.10+7-LTS)
# Java VM: OpenJDK 64-Bit Server VM Temurin-21.0.10+7 (21.0.10+7-LTS, mixed mode, sharing, tiered, compressed oops, compressed class ptrs, parallel gc, windows-amd64)
# No core dump will be written. Minidumps are not enabled by default on client versions of Windows
#

---------------  S U M M A R Y ------------

Command Line: --add-modules=ALL-SYSTEM --add-opens=java.base/java.util=ALL-UNNAMED --add-opens=java.base/java.lang=ALL-UNNAMED --add-opens=java.base/sun.nio.fs=ALL-UNNAMED -Declipse.application=org.eclipse.jdt.ls.core.id1 -Dosgi.bundles.defaultStartLevel=4 -Declipse.product=org.eclipse.jdt.ls.core.product -Djava.import.generatesMetadataFilesAtProjectRoot=false -DDetectVMInstallationsJob.disabled=true -Dfile.encoding=utf8 -XX:+UseParallelGC -XX:GCTimeRatio=4 -XX:AdaptiveSizePolicyWeight=90 -Dsun.zip.disableMemoryMapping=true -Xmx2G -Xms100m -Xlog:disable -javaagent:c:\Users\ELCOT\.antigravity-ide\extensions\redhat.java-1.53.0-win32-x64\lombok\lombok-1.18.39-4050.jar -XX:+HeapDumpOnOutOfMemoryError -XX:HeapDumpPath=c:\Users\ELCOT\AppData\Roaming\Antigravity IDE\User\workspaceStorage\179ff6db03cb26d44bfb8b798defc7a6\redhat.java -Daether.dependencyCollector.impl=bf c:\Users\ELCOT\.antigravity-ide\extensions\redhat.java-1.53.0-win32-x64\server\plugins\org.eclipse.equinox.launcher_1.7.100.v20251111-0406.jar -configuration c:\Users\ELCOT\AppData\Roaming\Antigravity IDE\User\globalStorage\redhat.java\1.53.0\config_win -data c:\Users\ELCOT\AppData\Roaming\Antigravity IDE\User\workspaceStorage\179ff6db03cb26d44bfb8b798defc7a6\redhat.java\jdt_ws --pipe=\\.\pipe\lsp-8a532f05f582d1458aaf3f0e6b627959-sock

Host: AMD Ryzen 3 7320U with Radeon Graphics         , 8 cores, 7G,  Windows 11 , 64 bit Build 26100 (10.0.26100.8328)
Time: Fri Jun  5 15:21:44 2026 India Standard Time elapsed time: 39.694040 seconds (0d 0h 0m 39s)

---------------  T H R E A D  ---------------

Current thread (0x0000027a56e997b0):  JavaThread "C2 CompilerThread1" daemon [_thread_in_native, id=22984, stack(0x0000008d9c800000,0x0000008d9c900000) (1024K)]


Current CompileTask:
C2:39695 7972       4       org.eclipse.osgi.container.ModuleDatabase$Persistence::addMap (289 bytes)

Stack: [0x0000008d9c800000,0x0000008d9c900000]
Native frames: (J=compiled Java code, j=interpreted, Vv=VM code, C=native code)
V  [jvm.dll+0x6d7a39]
V  [jvm.dll+0x8b4b26]
V  [jvm.dll+0x8b70de]
V  [jvm.dll+0x8b77c3]
V  [jvm.dll+0x284346]
V  [jvm.dll+0xc66ed]
V  [jvm.dll+0xc6c31]
V  [jvm.dll+0x2fb29e]
V  [jvm.dll+0x5fe884]
V  [jvm.dll+0x255b17]
V  [jvm.dll+0x255edd]
V  [jvm.dll+0x24e500]
V  [jvm.dll+0x24ba42]
V  [jvm.dll+0x1cb34e]
V  [jvm.dll+0x25b85d]
V  [jvm.dll+0x259dea]
V  [jvm.dll+0x3f857e]
V  [jvm.dll+0x85f59d]
V  [jvm.dll+0x6d626d]
C  [ucrtbase.dll+0x37b0]
C  [KERNEL32.DLL+0x2e957]
C  [ntdll.dll+0x427c]


---------------  P R O C E S S  ---------------

Threads class SMR info:
_java_thread_list=0x0000027a578414f0, length=42, elements={
0x0000027a72cfaf50, 0x0000027a75039910, 0x0000027a7503b090, 0x0000027a7503f7a0,
0x0000027a75042490, 0x0000027a75042ef0, 0x0000027a75043950, 0x0000027a750457a0,
0x0000027a7e312f50, 0x0000027a7e4f3840, 0x0000027a7e655be0, 0x0000027a7eca72e0,
0x0000027a7ed86a50, 0x0000027a7ed87e00, 0x0000027a7ed870e0, 0x0000027a7ed87770,
0x0000027a7eeb6780, 0x0000027a7eeb74a0, 0x0000027a7eeb5a60, 0x0000027a7eeb60f0,
0x0000027a7eeb4d40, 0x0000027a7eeb46b0, 0x0000027a7eeb4020, 0x0000027a7eeba290,
0x0000027a7eeba920, 0x0000027a7eebafb0, 0x0000027a7eeb9570, 0x0000027a7eeb7b30,
0x0000027a7eeb9c00, 0x0000027a7eebb640, 0x0000027a7eeb8850, 0x0000027a7eeb8ee0,
0x0000027a7ec88f70, 0x0000027a7ec86ea0, 0x0000027a7ec8a320, 0x0000027a7ec8a9b0,
0x0000027a7ec89600, 0x0000027a7ec89c90, 0x0000027a7eeb53d0, 0x0000027a56e997b0,
0x0000027a56a8c6f0, 0x0000027a56a8cd80
}

Java Threads: ( => current thread )
  0x0000027a72cfaf50 JavaThread "main"                              [_thread_blocked, id=15216, stack(0x0000008d9af00000,0x0000008d9b000000) (1024K)]
  0x0000027a75039910 JavaThread "Reference Handler"          daemon [_thread_blocked, id=34316, stack(0x0000008d9b300000,0x0000008d9b400000) (1024K)]
  0x0000027a7503b090 JavaThread "Finalizer"                  daemon [_thread_blocked, id=9912, stack(0x0000008d9b400000,0x0000008d9b500000) (1024K)]
  0x0000027a7503f7a0 JavaThread "Signal Dispatcher"          daemon [_thread_blocked, id=26472, stack(0x0000008d9b500000,0x0000008d9b600000) (1024K)]
  0x0000027a75042490 JavaThread "Attach Listener"            daemon [_thread_blocked, id=18860, stack(0x0000008d9b600000,0x0000008d9b700000) (1024K)]
  0x0000027a75042ef0 JavaThread "Service Thread"             daemon [_thread_blocked, id=23528, stack(0x0000008d9b700000,0x0000008d9b800000) (1024K)]
  0x0000027a75043950 JavaThread "Monitor Deflation Thread"   daemon [_thread_blocked, id=13712, stack(0x0000008d9b800000,0x0000008d9b900000) (1024K)]
  0x0000027a750457a0 JavaThread "C2 CompilerThread0"         daemon [_thread_blocked, id=20208, stack(0x0000008d9b900000,0x0000008d9ba00000) (1024K)]
  0x0000027a7e312f50 JavaThread "C1 CompilerThread0"         daemon [_thread_blocked, id=8728, stack(0x0000008d9ba00000,0x0000008d9bb00000) (1024K)]
  0x0000027a7e4f3840 JavaThread "Common-Cleaner"             daemon [_thread_blocked, id=35828, stack(0x0000008d9bb00000,0x0000008d9bc00000) (1024K)]
  0x0000027a7e655be0 JavaThread "Notification Thread"        daemon [_thread_blocked, id=32508, stack(0x0000008d9bc00000,0x0000008d9bd00000) (1024K)]
  0x0000027a7eca72e0 JavaThread "Active Thread: Equinox Container: 8b839e4f-f013-47e0-9f9f-9fae57723c0a"        [_thread_blocked, id=34076, stack(0x0000008d9ca00000,0x0000008d9cb00000) (1024K)]
  0x0000027a7ed86a50 JavaThread "Framework Event Dispatcher: Equinox Container: 8b839e4f-f013-47e0-9f9f-9fae57723c0a" daemon [_thread_blocked, id=35040, stack(0x0000008d9c300000,0x0000008d9c400000) (1024K)]
  0x0000027a7ed87e00 JavaThread "Start Level: Equinox Container: 8b839e4f-f013-47e0-9f9f-9fae57723c0a" daemon [_thread_blocked, id=4828, stack(0x0000008d9cc00000,0x0000008d9cd00000) (1024K)]
  0x0000027a7ed870e0 JavaThread "Bundle File Closer"         daemon [_thread_blocked, id=11568, stack(0x0000008d9cd00000,0x0000008d9ce00000) (1024K)]
  0x0000027a7ed87770 JavaThread "Refresh Thread: Equinox Container: 8b839e4f-f013-47e0-9f9f-9fae57723c0a" daemon [_thread_blocked, id=32532, stack(0x0000008d9ce00000,0x0000008d9cf00000) (1024K)]
  0x0000027a7eeb6780 JavaThread "SCR Component Actor"        daemon [_thread_blocked, id=18988, stack(0x0000008d9d200000,0x0000008d9d300000) (1024K)]
  0x0000027a7eeb74a0 JavaThread "Worker-JM"                         [_thread_blocked, id=31172, stack(0x0000008d9d300000,0x0000008d9d400000) (1024K)]
  0x0000027a7eeb5a60 JavaThread "Worker-0: Initialize Workspace"        [_thread_in_vm, id=19468, stack(0x0000008d9cf00000,0x0000008d9d000000) (1024K)]
  0x0000027a7eeb60f0 JavaThread "Worker-1"                          [_thread_blocked, id=34392, stack(0x0000008d9d400000,0x0000008d9d500000) (1024K)]
  0x0000027a7eeb4d40 JavaThread "Worker-2"                          [_thread_blocked, id=26812, stack(0x0000008d9d500000,0x0000008d9d600000) (1024K)]
  0x0000027a7eeb46b0 JavaThread "Worker-3"                          [_thread_blocked, id=35060, stack(0x0000008d9d600000,0x0000008d9d700000) (1024K)]
  0x0000027a7eeb4020 JavaThread "Java indexing"              daemon [_thread_blocked, id=4528, stack(0x0000008d9d900000,0x0000008d9da00000) (1024K)]
  0x0000027a7eeba290 JavaThread "JNA Cleaner"                daemon [_thread_blocked, id=5076, stack(0x0000008d9da00000,0x0000008d9db00000) (1024K)]
  0x0000027a7eeba920 JavaThread "Worker-4"                          [_thread_blocked, id=35036, stack(0x0000008d9dd00000,0x0000008d9de00000) (1024K)]
  0x0000027a7eebafb0 JavaThread "Worker-5"                          [_thread_blocked, id=34276, stack(0x0000008d9de00000,0x0000008d9df00000) (1024K)]
  0x0000027a7eeb9570 JavaThread "Thread-1"                   daemon [_thread_in_native, id=29232, stack(0x0000008d9df00000,0x0000008d9e000000) (1024K)]
  0x0000027a7eeb7b30 JavaThread "Thread-2"                   daemon [_thread_in_native, id=28580, stack(0x0000008d9e000000,0x0000008d9e100000) (1024K)]
  0x0000027a7eeb9c00 JavaThread "Thread-3"                   daemon [_thread_in_native, id=28440, stack(0x0000008d9e100000,0x0000008d9e200000) (1024K)]
  0x0000027a7eebb640 JavaThread "Thread-4"                   daemon [_thread_in_native, id=17004, stack(0x0000008d9e200000,0x0000008d9e300000) (1024K)]
  0x0000027a7eeb8850 JavaThread "Thread-5"                   daemon [_thread_in_native, id=25708, stack(0x0000008d9e300000,0x0000008d9e400000) (1024K)]
  0x0000027a7eeb8ee0 JavaThread "Thread-6"                   daemon [_thread_in_native, id=18252, stack(0x0000008d9e400000,0x0000008d9e500000) (1024K)]
  0x0000027a7ec88f70 JavaThread "Thread-7"                   daemon [_thread_in_native, id=27444, stack(0x0000008d9e500000,0x0000008d9e600000) (1024K)]
  0x0000027a7ec86ea0 JavaThread "Thread-8"                   daemon [_thread_in_native, id=7544, stack(0x0000008d9e600000,0x0000008d9e700000) (1024K)]
  0x0000027a7ec8a320 JavaThread "Thread-9"                   daemon [_thread_in_native, id=16232, stack(0x0000008d9e700000,0x0000008d9e800000) (1024K)]
  0x0000027a7ec8a9b0 JavaThread "pool-2-thread-1"                   [_thread_blocked, id=33636, stack(0x0000008d9c400000,0x0000008d9c500000) (1024K)]
  0x0000027a7ec89600 JavaThread "WorkspaceEventsHandler"            [_thread_blocked, id=30000, stack(0x0000008d9c600000,0x0000008d9c700000) (1024K)]
  0x0000027a7ec89c90 JavaThread "pool-1-thread-1"                   [_thread_blocked, id=20608, stack(0x0000008d9c700000,0x0000008d9c800000) (1024K)]
  0x0000027a7eeb53d0 JavaThread "Timer-0"                           [_thread_blocked, id=13628, stack(0x0000008d9d700000,0x0000008d9d800000) (1024K)]
=>0x0000027a56e997b0 JavaThread "C2 CompilerThread1"         daemon [_thread_in_native, id=22984, stack(0x0000008d9c800000,0x0000008d9c900000) (1024K)]
  0x0000027a56a8c6f0 JavaThread "Timer-1"                           [_thread_blocked, id=8208, stack(0x0000008d9c900000,0x0000008d9ca00000) (1024K)]
  0x0000027a56a8cd80 JavaThread "Timer-2"                           [_thread_blocked, id=33312, stack(0x0000008d9d000000,0x0000008d9d100000) (1024K)]
Total: 42

Other Threads:
  0x0000027a750230f0 VMThread "VM Thread"                           [id=10484, stack(0x0000008d9b200000,0x0000008d9b300000) (1024K)]
  0x0000027a74f3ca00 WatcherThread "VM Periodic Task Thread"        [id=15532, stack(0x0000008d9b100000,0x0000008d9b200000) (1024K)]
  0x0000027a750e86a0 WorkerThread "GC Thread#0"                     [id=17816, stack(0x0000008d9b000000,0x0000008d9b100000) (1024K)]
  0x0000027a7e769170 WorkerThread "GC Thread#1"                     [id=35584, stack(0x0000008d9bd00000,0x0000008d9be00000) (1024K)]
  0x0000027a7e687720 WorkerThread "GC Thread#2"                     [id=19740, stack(0x0000008d9be00000,0x0000008d9bf00000) (1024K)]
  0x0000027a7e748a60 WorkerThread "GC Thread#3"                     [id=10692, stack(0x0000008d9bf00000,0x0000008d9c000000) (1024K)]
  0x0000027a7e748e10 WorkerThread "GC Thread#4"                     [id=34440, stack(0x0000008d9c000000,0x0000008d9c100000) (1024K)]
  0x0000027a7e7491c0 WorkerThread "GC Thread#5"                     [id=11472, stack(0x0000008d9c100000,0x0000008d9c200000) (1024K)]
  0x0000027a7e7360a0 WorkerThread "GC Thread#6"                     [id=10216, stack(0x0000008d9c200000,0x0000008d9c300000) (1024K)]
  0x0000027a7ecc6720 WorkerThread "GC Thread#7"                     [id=19360, stack(0x0000008d9cb00000,0x0000008d9cc00000) (1024K)]
Total: 10

Threads with active compile tasks:
C2 CompilerThread1  39792 7972       4       org.eclipse.osgi.container.ModuleDatabase$Persistence::addMap (289 bytes)
Total: 1

VM state: not at safepoint (normal execution)

VM Mutex/Monitor currently owned by a thread: None

Heap address: 0x0000000080000000, size: 2048 MB, Compressed Oops mode: 32-bit

CDS archive(s) mapped at: [0x0000027a0f000000-0x0000027a0fba0000-0x0000027a0fba0000), size 12189696, SharedBaseAddress: 0x0000027a0f000000, ArchiveRelocationMode: 1.
Compressed class space mapped at: 0x0000027a10000000-0x0000027a50000000, reserved size: 1073741824
Narrow klass base: 0x0000027a0f000000, Narrow klass shift: 0, Narrow klass range: 0x100000000

GC Precious Log:
 CardTable entry size: 512
 CPUs: 8 total, 8 available
 Memory: 7379M
 Large Page Support: Disabled
 NUMA Support: Disabled
 Compressed Oops: Enabled (32-bit)
 Alignments: Space 512K, Generation 512K, Heap 2M
 Heap Min Capacity: 100M
 Heap Initial Capacity: 100M
 Heap Max Capacity: 2G
 Pre-touch: Disabled
 Parallel Workers: 8

Heap:
 PSYoungGen      total 14336K, used 7480K [0x00000000d5580000, 0x00000000d6880000, 0x0000000100000000)
  eden space 13824K, 54% used [0x00000000d5580000,0x00000000d5cce248,0x00000000d6300000)
  from space 512K, 0% used [0x00000000d6800000,0x00000000d6800000,0x00000000d6880000)
  to   space 512K, 0% used [0x00000000d6680000,0x00000000d6680000,0x00000000d6700000)
 ParOldGen       total 68608K, used 41135K [0x0000000080000000, 0x0000000084300000, 0x00000000d5580000)
  object space 68608K, 59% used [0x0000000080000000,0x000000008282bd10,0x0000000084300000)
 Metaspace       used 59357K, committed 60736K, reserved 1114112K
  class space    used 7016K, committed 7616K, reserved 1048576K

Card table byte_map: [0x0000027a74a50000,0x0000027a74e60000] _byte_map_base: 0x0000027a74650000

Marking Bits: (ParMarkBitMap*) 0x00007ffaa4a43450
 Begin Bits: [0x0000027a78560000, 0x0000027a7a560000)
 End Bits:   [0x0000027a7a560000, 0x0000027a7c560000)

Polling page: 0x0000027a73070000

Metaspace:

Usage:
  Non-class:     51.11 MB used.
      Class:      6.85 MB used.
       Both:     57.97 MB used.

Virtual space:
  Non-class space:       64.00 MB reserved,      51.88 MB ( 81%) committed,  1 nodes.
      Class space:        1.00 GB reserved,       7.44 MB ( <1%) committed,  1 nodes.
             Both:        1.06 GB reserved,      59.31 MB (  5%) committed. 

Chunk freelists:
   Non-Class:  11.91 MB
       Class:  8.48 MB
        Both:  20.39 MB

MaxMetaspaceSize: unlimited
CompressedClassSpaceSize: 1.00 GB
Initial GC threshold: 21.00 MB
Current GC threshold: 97.31 MB
CDS: on
 - commit_granule_bytes: 65536.
 - commit_granule_words: 8192.
 - virtual_space_node_default_size: 8388608.
 - enlarge_chunks_in_place: 1.
 - use_allocation_guard: 0.


Internal statistics:

num_allocs_failed_limit: 9.
num_arena_births: 970.
num_arena_deaths: 14.
num_vsnodes_births: 2.
num_vsnodes_deaths: 0.
num_space_committed: 949.
num_space_uncommitted: 0.
num_chunks_returned_to_freelist: 23.
num_chunks_taken_from_freelist: 3441.
num_chunk_merges: 13.
num_chunk_splits: 2162.
num_chunks_enlarged: 1285.
num_inconsistent_stats: 0.

CodeHeap 'non-profiled nmethods': size=120000Kb used=4654Kb max_used=4691Kb free=115345Kb
 bounds [0x0000027a07ad0000, 0x0000027a07f70000, 0x0000027a0f000000]
CodeHeap 'profiled nmethods': size=120000Kb used=14922Kb max_used=15520Kb free=105077Kb
 bounds [0x0000027a00000000, 0x0000027a00f30000, 0x0000027a07530000]
CodeHeap 'non-nmethods': size=5760Kb used=1410Kb max_used=1464Kb free=4349Kb
 bounds [0x0000027a07530000, 0x0000027a077a0000, 0x0000027a07ad0000]
CodeCache: size=245760Kb, used=20986Kb, max_used=21675Kb, free=224771Kb
 total_blobs=7969, nmethods=7257, adapters=618, full_count=0
Compilation: enabled, stopped_count=0, restarted_count=0

Compilation events (20 events):
Event: 39.114 Thread 0x0000027a750457a0 nmethod 8108 0x0000027a07d07410 code [0x0000027a07d075c0, 0x0000027a07d07760]
Event: 39.114 Thread 0x0000027a750457a0 8070   !   4       java.util.concurrent.ConcurrentHashMap::replaceNode (437 bytes)
Event: 39.129 Thread 0x0000027a750457a0 nmethod 8070 0x0000027a07b6c390 code [0x0000027a07b6c580, 0x0000027a07b6cfa8]
Event: 39.129 Thread 0x0000027a750457a0 8099       4       java.io.File::compareTo (9 bytes)
Event: 39.133 Thread 0x0000027a7e312f50 8119       3       java.lang.invoke.MemberName::equals (24 bytes)
Event: 39.133 Thread 0x0000027a7e312f50 nmethod 8119 0x0000027a0064ad10 code [0x0000027a0064aee0, 0x0000027a0064b280]
Event: 39.135 Thread 0x0000027a7e312f50 8120       3       java.nio.Buffer::clear (20 bytes)
Event: 39.135 Thread 0x0000027a7e312f50 nmethod 8120 0x0000027a003e4190 code [0x0000027a003e4320, 0x0000027a003e4440]
Event: 39.138 Thread 0x0000027a750457a0 nmethod 8099 0x0000027a07cdd410 code [0x0000027a07cdd5c0, 0x0000027a07cdd9e8]
Event: 39.138 Thread 0x0000027a750457a0 8094       4       java.util.regex.Pattern$BitClass::is (22 bytes)
Event: 39.139 Thread 0x0000027a750457a0 nmethod 8094 0x0000027a07b07e90 code [0x0000027a07b08020, 0x0000027a07b08108]
Event: 39.139 Thread 0x0000027a750457a0 8071       4       java.lang.invoke.MethodTypeForm::canonicalize (74 bytes)
Event: 39.140 Thread 0x0000027a750457a0 nmethod 8071 0x0000027a07c1f210 code [0x0000027a07c1f3a0, 0x0000027a07c1f478]
Event: 39.140 Thread 0x0000027a750457a0 8057       4       jdk.internal.perf.PerfCounter::addElapsedTimeFrom (10 bytes)
Event: 39.143 Thread 0x0000027a750457a0 nmethod 8057 0x0000027a07c56110 code [0x0000027a07c562a0, 0x0000027a07c56528]
Event: 39.150 Thread 0x0000027a750457a0 8121       4       jdk.internal.jimage.BasicImageReader::getLocationIndex (52 bytes)
Event: 39.151 Thread 0x0000027a7e312f50 8122       3       java.util.Collections$SynchronizedSet::<init> (7 bytes)
Event: 39.152 Thread 0x0000027a7e312f50 nmethod 8122 0x0000027a00887110 code [0x0000027a00887300, 0x0000027a008878b8]
Event: 39.164 Thread 0x0000027a750457a0 nmethod 8121 0x0000027a07cfc310 code [0x0000027a07cfc540, 0x0000027a07cfce38]
Event: 39.685 Thread 0x0000027a7e312f50 8123       3       java.util.Locale::equals (75 bytes)

GC Heap History (20 events):
Event: 36.154 GC heap before
{Heap before GC invocations=32 (full 2):
 PSYoungGen      total 14336K, used 14336K [0x00000000d5580000, 0x00000000d6e00000, 0x0000000100000000)
  eden space 13824K, 100% used [0x00000000d5580000,0x00000000d6300000,0x00000000d6300000)
  from space 512K, 100% used [0x00000000d6300000,0x00000000d6380000,0x00000000d6380000)
  to   space 3584K, 0% used [0x00000000d6a80000,0x00000000d6a80000,0x00000000d6e00000)
 ParOldGen       total 68608K, used 37968K [0x0000000080000000, 0x0000000084300000, 0x00000000d5580000)
  object space 68608K, 55% used [0x0000000080000000,0x0000000082514098,0x0000000084300000)
 Metaspace       used 54942K, committed 56000K, reserved 1114112K
  class space    used 6269K, committed 6720K, reserved 1048576K
}
Event: 36.157 GC heap after
{Heap after GC invocations=32 (full 2):
 PSYoungGen      total 14848K, used 640K [0x00000000d5580000, 0x00000000d6b80000, 0x0000000100000000)
  eden space 13824K, 0% used [0x00000000d5580000,0x00000000d5580000,0x00000000d6300000)
  from space 1024K, 62% used [0x00000000d6a80000,0x00000000d6b20000,0x00000000d6b80000)
  to   space 1536K, 0% used [0x00000000d6880000,0x00000000d6880000,0x00000000d6a00000)
 ParOldGen       total 68608K, used 38360K [0x0000000080000000, 0x0000000084300000, 0x00000000d5580000)
  object space 68608K, 55% used [0x0000000080000000,0x00000000825760c8,0x0000000084300000)
 Metaspace       used 54942K, committed 56000K, reserved 1114112K
  class space    used 6269K, committed 6720K, reserved 1048576K
}
Event: 36.401 GC heap before
{Heap before GC invocations=33 (full 2):
 PSYoungGen      total 14848K, used 14464K [0x00000000d5580000, 0x00000000d6b80000, 0x0000000100000000)
  eden space 13824K, 100% used [0x00000000d5580000,0x00000000d6300000,0x00000000d6300000)
  from space 1024K, 62% used [0x00000000d6a80000,0x00000000d6b20000,0x00000000d6b80000)
  to   space 1536K, 0% used [0x00000000d6880000,0x00000000d6880000,0x00000000d6a00000)
 ParOldGen       total 68608K, used 38360K [0x0000000080000000, 0x0000000084300000, 0x00000000d5580000)
  object space 68608K, 55% used [0x0000000080000000,0x00000000825760c8,0x0000000084300000)
 Metaspace       used 54968K, committed 56064K, reserved 1114112K
  class space    used 6269K, committed 6720K, reserved 1048576K
}
Event: 36.403 GC heap after
{Heap after GC invocations=33 (full 2):
 PSYoungGen      total 15360K, used 416K [0x00000000d5580000, 0x00000000d6b00000, 0x0000000100000000)
  eden space 13824K, 0% used [0x00000000d5580000,0x00000000d5580000,0x00000000d6300000)
  from space 1536K, 27% used [0x00000000d6880000,0x00000000d68e8000,0x00000000d6a00000)
  to   space 1024K, 0% used [0x00000000d6a00000,0x00000000d6a00000,0x00000000d6b00000)
 ParOldGen       total 68608K, used 38887K [0x0000000080000000, 0x0000000084300000, 0x00000000d5580000)
  object space 68608K, 56% used [0x0000000080000000,0x00000000825f9d80,0x0000000084300000)
 Metaspace       used 54968K, committed 56064K, reserved 1114112K
  class space    used 6269K, committed 6720K, reserved 1048576K
}
Event: 36.763 GC heap before
{Heap before GC invocations=34 (full 2):
 PSYoungGen      total 15360K, used 14240K [0x00000000d5580000, 0x00000000d6b00000, 0x0000000100000000)
  eden space 13824K, 100% used [0x00000000d5580000,0x00000000d6300000,0x00000000d6300000)
  from space 1536K, 27% used [0x00000000d6880000,0x00000000d68e8000,0x00000000d6a00000)
  to   space 1024K, 0% used [0x00000000d6a00000,0x00000000d6a00000,0x00000000d6b00000)
 ParOldGen       total 68608K, used 38887K [0x0000000080000000, 0x0000000084300000, 0x00000000d5580000)
  object space 68608K, 56% used [0x0000000080000000,0x00000000825f9d80,0x0000000084300000)
 Metaspace       used 54972K, committed 56064K, reserved 1114112K
  class space    used 6269K, committed 6720K, reserved 1048576K
}
Event: 36.764 GC heap after
{Heap after GC invocations=34 (full 2):
 PSYoungGen      total 14848K, used 544K [0x00000000d5580000, 0x00000000d6b00000, 0x0000000100000000)
  eden space 13824K, 0% used [0x00000000d5580000,0x00000000d5580000,0x00000000d6300000)
  from space 1024K, 53% used [0x00000000d6a00000,0x00000000d6a88000,0x00000000d6b00000)
  to   space 1024K, 0% used [0x00000000d6900000,0x00000000d6900000,0x00000000d6a00000)
 ParOldGen       total 68608K, used 39175K [0x0000000080000000, 0x0000000084300000, 0x00000000d5580000)
  object space 68608K, 57% used [0x0000000080000000,0x0000000082641d80,0x0000000084300000)
 Metaspace       used 54972K, committed 56064K, reserved 1114112K
  class space    used 6269K, committed 6720K, reserved 1048576K
}
Event: 37.139 GC heap before
{Heap before GC invocations=35 (full 2):
 PSYoungGen      total 14848K, used 14368K [0x00000000d5580000, 0x00000000d6b00000, 0x0000000100000000)
  eden space 13824K, 100% used [0x00000000d5580000,0x00000000d6300000,0x00000000d6300000)
  from space 1024K, 53% used [0x00000000d6a00000,0x00000000d6a88000,0x00000000d6b00000)
  to   space 1024K, 0% used [0x00000000d6900000,0x00000000d6900000,0x00000000d6a00000)
 ParOldGen       total 68608K, used 39175K [0x0000000080000000, 0x0000000084300000, 0x00000000d5580000)
  object space 68608K, 57% used [0x0000000080000000,0x0000000082641d80,0x0000000084300000)
 Metaspace       used 54972K, committed 56064K, reserved 1114112K
  class space    used 6269K, committed 6720K, reserved 1048576K
}
Event: 37.140 GC heap after
{Heap after GC invocations=35 (full 2):
 PSYoungGen      total 14848K, used 416K [0x00000000d5580000, 0x00000000d6a80000, 0x0000000100000000)
  eden space 13824K, 0% used [0x00000000d5580000,0x00000000d5580000,0x00000000d6300000)
  from space 1024K, 40% used [0x00000000d6900000,0x00000000d6968000,0x00000000d6a00000)
  to   space 512K, 0% used [0x00000000d6a00000,0x00000000d6a00000,0x00000000d6a80000)
 ParOldGen       total 68608K, used 39575K [0x0000000080000000, 0x0000000084300000, 0x00000000d5580000)
  object space 68608K, 57% used [0x0000000080000000,0x00000000826a5d80,0x0000000084300000)
 Metaspace       used 54972K, committed 56064K, reserved 1114112K
  class space    used 6269K, committed 6720K, reserved 1048576K
}
Event: 37.432 GC heap before
{Heap before GC invocations=36 (full 2):
 PSYoungGen      total 14848K, used 14240K [0x00000000d5580000, 0x00000000d6a80000, 0x0000000100000000)
  eden space 13824K, 100% used [0x00000000d5580000,0x00000000d6300000,0x00000000d6300000)
  from space 1024K, 40% used [0x00000000d6900000,0x00000000d6968000,0x00000000d6a00000)
  to   space 512K, 0% used [0x00000000d6a00000,0x00000000d6a00000,0x00000000d6a80000)
 ParOldGen       total 68608K, used 39575K [0x0000000080000000, 0x0000000084300000, 0x00000000d5580000)
  object space 68608K, 57% used [0x0000000080000000,0x00000000826a5d80,0x0000000084300000)
 Metaspace       used 54985K, committed 56064K, reserved 1114112K
  class space    used 6270K, committed 6720K, reserved 1048576K
}
Event: 37.434 GC heap after
{Heap after GC invocations=36 (full 2):
 PSYoungGen      total 14336K, used 510K [0x00000000d5580000, 0x00000000d6d00000, 0x0000000100000000)
  eden space 13824K, 0% used [0x00000000d5580000,0x00000000d5580000,0x00000000d6300000)
  from space 512K, 99% used [0x00000000d6a00000,0x00000000d6a7fba0,0x00000000d6a80000)
  to   space 5120K, 0% used [0x00000000d6300000,0x00000000d6300000,0x00000000d6800000)
 ParOldGen       total 68608K, used 43233K [0x0000000080000000, 0x0000000084300000, 0x00000000d5580000)
  object space 68608K, 63% used [0x0000000080000000,0x0000000082a387e0,0x0000000084300000)
 Metaspace       used 54985K, committed 56064K, reserved 1114112K
  class space    used 6270K, committed 6720K, reserved 1048576K
}
Event: 37.925 GC heap before
{Heap before GC invocations=37 (full 2):
 PSYoungGen      total 14336K, used 14334K [0x00000000d5580000, 0x00000000d6d00000, 0x0000000100000000)
  eden space 13824K, 100% used [0x00000000d5580000,0x00000000d6300000,0x00000000d6300000)
  from space 512K, 99% used [0x00000000d6a00000,0x00000000d6a7fba0,0x00000000d6a80000)
  to   space 5120K, 0% used [0x00000000d6300000,0x00000000d6300000,0x00000000d6800000)
 ParOldGen       total 68608K, used 43233K [0x0000000080000000, 0x0000000084300000, 0x00000000d5580000)
  object space 68608K, 63% used [0x0000000080000000,0x0000000082a387e0,0x0000000084300000)
 Metaspace       used 55742K, committed 56896K, reserved 1114112K
  class space    used 6438K, committed 6912K, reserved 1048576K
}
Event: 37.928 GC heap after
{Heap after GC invocations=37 (full 2):
 PSYoungGen      total 18944K, used 832K [0x00000000d5580000, 0x00000000d6a80000, 0x0000000100000000)
  eden space 13824K, 0% used [0x00000000d5580000,0x00000000d5580000,0x00000000d6300000)
  from space 5120K, 16% used [0x00000000d6300000,0x00000000d63d0000,0x00000000d6800000)
  to   space 2048K, 0% used [0x00000000d6880000,0x00000000d6880000,0x00000000d6a80000)
 ParOldGen       total 68608K, used 43735K [0x0000000080000000, 0x0000000084300000, 0x00000000d5580000)
  object space 68608K, 63% used [0x0000000080000000,0x0000000082ab5f08,0x0000000084300000)
 Metaspace       used 55742K, committed 56896K, reserved 1114112K
  class space    used 6438K, committed 6912K, reserved 1048576K
}
Event: 38.327 GC heap before
{Heap before GC invocations=38 (full 2):
 PSYoungGen      total 18944K, used 14656K [0x00000000d5580000, 0x00000000d6a80000, 0x0000000100000000)
  eden space 13824K, 100% used [0x00000000d5580000,0x00000000d6300000,0x00000000d6300000)
  from space 5120K, 16% used [0x00000000d6300000,0x00000000d63d0000,0x00000000d6800000)
  to   space 2048K, 0% used [0x00000000d6880000,0x00000000d6880000,0x00000000d6a80000)
 ParOldGen       total 68608K, used 43735K [0x0000000080000000, 0x0000000084300000, 0x00000000d5580000)
  object space 68608K, 63% used [0x0000000080000000,0x0000000082ab5f08,0x0000000084300000)
 Metaspace       used 57061K, committed 58176K, reserved 1114112K
  class space    used 6632K, committed 7104K, reserved 1048576K
}
Event: 38.332 GC heap after
{Heap after GC invocations=38 (full 2):
 PSYoungGen      total 15872K, used 1632K [0x00000000d5580000, 0x00000000d6a80000, 0x0000000100000000)
  eden space 13824K, 0% used [0x00000000d5580000,0x00000000d5580000,0x00000000d6300000)
  from space 2048K, 79% used [0x00000000d6880000,0x00000000d6a18050,0x00000000d6a80000)
  to   space 2048K, 0% used [0x00000000d6680000,0x00000000d6680000,0x00000000d6880000)
 ParOldGen       total 68608K, used 44431K [0x0000000080000000, 0x0000000084300000, 0x00000000d5580000)
  object space 68608K, 64% used [0x0000000080000000,0x0000000082b63f18,0x0000000084300000)
 Metaspace       used 57061K, committed 58176K, reserved 1114112K
  class space    used 6632K, committed 7104K, reserved 1048576K
}
Event: 38.760 GC heap before
{Heap before GC invocations=39 (full 2):
 PSYoungGen      total 15872K, used 15456K [0x00000000d5580000, 0x00000000d6a80000, 0x0000000100000000)
  eden space 13824K, 100% used [0x00000000d5580000,0x00000000d6300000,0x00000000d6300000)
  from space 2048K, 79% used [0x00000000d6880000,0x00000000d6a18050,0x00000000d6a80000)
  to   space 2048K, 0% used [0x00000000d6680000,0x00000000d6680000,0x00000000d6880000)
 ParOldGen       total 68608K, used 44431K [0x0000000080000000, 0x0000000084300000, 0x00000000d5580000)
  object space 68608K, 64% used [0x0000000080000000,0x0000000082b63f18,0x0000000084300000)
 Metaspace       used 58494K, committed 59712K, reserved 1114112K
  class space    used 6890K, committed 7424K, reserved 1048576K
}
Event: 38.762 GC heap after
{Heap after GC invocations=39 (full 2):
 PSYoungGen      total 14336K, used 512K [0x00000000d5580000, 0x00000000d6900000, 0x0000000100000000)
  eden space 13824K, 0% used [0x00000000d5580000,0x00000000d5580000,0x00000000d6300000)
  from space 512K, 100% used [0x00000000d6680000,0x00000000d6700000,0x00000000d6700000)
  to   space 1024K, 0% used [0x00000000d6800000,0x00000000d6800000,0x00000000d6900000)
 ParOldGen       total 68608K, used 45031K [0x0000000080000000, 0x0000000084300000, 0x00000000d5580000)
  object space 68608K, 65% used [0x0000000080000000,0x0000000082bf9f38,0x0000000084300000)
 Metaspace       used 58494K, committed 59712K, reserved 1114112K
  class space    used 6890K, committed 7424K, reserved 1048576K
}
Event: 38.814 GC heap before
{Heap before GC invocations=40 (full 2):
 PSYoungGen      total 14336K, used 2042K [0x00000000d5580000, 0x00000000d6900000, 0x0000000100000000)
  eden space 13824K, 11% used [0x00000000d5580000,0x00000000d56fea78,0x00000000d6300000)
  from space 512K, 100% used [0x00000000d6680000,0x00000000d6700000,0x00000000d6700000)
  to   space 1024K, 0% used [0x00000000d6800000,0x00000000d6800000,0x00000000d6900000)
 ParOldGen       total 68608K, used 45031K [0x0000000080000000, 0x0000000084300000, 0x00000000d5580000)
  object space 68608K, 65% used [0x0000000080000000,0x0000000082bf9f38,0x0000000084300000)
 Metaspace       used 58602K, committed 59776K, reserved 1114112K
  class space    used 6917K, committed 7424K, reserved 1048576K
}
Event: 38.816 GC heap after
{Heap after GC invocations=40 (full 2):
 PSYoungGen      total 14336K, used 224K [0x00000000d5580000, 0x00000000d6880000, 0x0000000100000000)
  eden space 13824K, 0% used [0x00000000d5580000,0x00000000d5580000,0x00000000d6300000)
  from space 512K, 43% used [0x00000000d6800000,0x00000000d6838000,0x00000000d6880000)
  to   space 512K, 0% used [0x00000000d6680000,0x00000000d6680000,0x00000000d6700000)
 ParOldGen       total 68608K, used 45407K [0x0000000080000000, 0x0000000084300000, 0x00000000d5580000)
  object space 68608K, 66% used [0x0000000080000000,0x0000000082c57c48,0x0000000084300000)
 Metaspace       used 58602K, committed 59776K, reserved 1114112K
  class space    used 6917K, committed 7424K, reserved 1048576K
}
Event: 38.816 GC heap before
{Heap before GC invocations=41 (full 3):
 PSYoungGen      total 14336K, used 224K [0x00000000d5580000, 0x00000000d6880000, 0x0000000100000000)
  eden space 13824K, 0% used [0x00000000d5580000,0x00000000d5580000,0x00000000d6300000)
  from space 512K, 43% used [0x00000000d6800000,0x00000000d6838000,0x00000000d6880000)
  to   space 512K, 0% used [0x00000000d6680000,0x00000000d6680000,0x00000000d6700000)
 ParOldGen       total 68608K, used 45407K [0x0000000080000000, 0x0000000084300000, 0x00000000d5580000)
  object space 68608K, 66% used [0x0000000080000000,0x0000000082c57c48,0x0000000084300000)
 Metaspace       used 58602K, committed 59776K, reserved 1114112K
  class space    used 6917K, committed 7424K, reserved 1048576K
}
Event: 38.902 GC heap after
{Heap after GC invocations=41 (full 3):
 PSYoungGen      total 14336K, used 0K [0x00000000d5580000, 0x00000000d6880000, 0x0000000100000000)
  eden space 13824K, 0% used [0x00000000d5580000,0x00000000d5580000,0x00000000d6300000)
  from space 512K, 0% used [0x00000000d6800000,0x00000000d6800000,0x00000000d6880000)
  to   space 512K, 0% used [0x00000000d6680000,0x00000000d6680000,0x00000000d6700000)
 ParOldGen       total 68608K, used 41135K [0x0000000080000000, 0x0000000084300000, 0x00000000d5580000)
  object space 68608K, 59% used [0x0000000080000000,0x000000008282bd10,0x0000000084300000)
 Metaspace       used 58602K, committed 59776K, reserved 1114112K
  class space    used 6917K, committed 7424K, reserved 1048576K
}

Dll operation events (15 events):
Event: 0.140 Loaded shared library c:\Users\ELCOT\.antigravity-ide\extensions\redhat.java-1.53.0-win32-x64\jre\21.0.10-win32-x86_64\bin\java.dll
Event: 0.632 Loaded shared library c:\Users\ELCOT\.antigravity-ide\extensions\redhat.java-1.53.0-win32-x64\jre\21.0.10-win32-x86_64\bin\zip.dll
Event: 0.753 Loaded shared library C:\Users\ELCOT\.antigravity-ide\extensions\redhat.java-1.53.0-win32-x64\jre\21.0.10-win32-x86_64\bin\instrument.dll
Event: 0.808 Loaded shared library C:\Users\ELCOT\.antigravity-ide\extensions\redhat.java-1.53.0-win32-x64\jre\21.0.10-win32-x86_64\bin\net.dll
Event: 0.821 Loaded shared library C:\Users\ELCOT\.antigravity-ide\extensions\redhat.java-1.53.0-win32-x64\jre\21.0.10-win32-x86_64\bin\nio.dll
Event: 0.832 Loaded shared library C:\Users\ELCOT\.antigravity-ide\extensions\redhat.java-1.53.0-win32-x64\jre\21.0.10-win32-x86_64\bin\zip.dll
Event: 1.436 Loaded shared library C:\Users\ELCOT\.antigravity-ide\extensions\redhat.java-1.53.0-win32-x64\jre\21.0.10-win32-x86_64\bin\jimage.dll
Event: 2.731 Loaded shared library c:\Users\ELCOT\.antigravity-ide\extensions\redhat.java-1.53.0-win32-x64\jre\21.0.10-win32-x86_64\bin\verify.dll
Event: 11.962 Loaded shared library C:\Users\ELCOT\AppData\Roaming\Antigravity IDE\User\globalStorage\redhat.java\1.53.0\config_win\org.eclipse.equinox.launcher\org.eclipse.equinox.launcher.win32.win32.x86_64_1.3.0.v20260203-2149\eclipse_11919.dll
Event: 16.953 Loaded shared library C:\Users\ELCOT\.antigravity-ide\extensions\redhat.java-1.53.0-win32-x64\jre\21.0.10-win32-x86_64\bin\management.dll
Event: 16.970 Loaded shared library C:\Users\ELCOT\.antigravity-ide\extensions\redhat.java-1.53.0-win32-x64\jre\21.0.10-win32-x86_64\bin\management_ext.dll
Event: 20.873 Loaded shared library C:\Users\ELCOT\AppData\Local\Temp\jna-66053985\jna7982109252636121885.dll
Event: 21.545 Loaded shared library C:\Users\ELCOT\.antigravity-ide\extensions\redhat.java-1.53.0-win32-x64\jre\21.0.10-win32-x86_64\bin\sunmscapi.dll
Event: 21.709 Loaded shared library C:\Users\ELCOT\.antigravity-ide\extensions\redhat.java-1.53.0-win32-x64\jre\21.0.10-win32-x86_64\bin\extnet.dll
Event: 35.503 Loaded shared library C:\Users\ELCOT\.gradle\native\1def1411415f61bf3af743bc5b6707747c0891f09f0c88961ee8f79bc544acac\windows-amd64\native-platform.dll

Deoptimization events (20 events):
Event: 38.955 Thread 0x0000027a56a8daa0 Uncommon trap: trap_request=0xffffffc6 fr.pc=0x0000027a07e7b0c0 relative=0x0000000000000a60
Event: 38.955 Thread 0x0000027a56a8daa0 Uncommon trap: reason=bimorphic_or_optimized_type_check action=maybe_recompile pc=0x0000027a07e7b0c0 method=java.util.regex.Pattern$CharPropertyGreedy.match(Ljava/util/regex/Matcher;ILjava/lang/CharSequence;)Z @ 64 c2
Event: 38.955 Thread 0x0000027a56a8daa0 DEOPT PACKING pc=0x0000027a07e7b0c0 sp=0x0000008d9d8fea60
Event: 38.955 Thread 0x0000027a56a8daa0 DEOPT UNPACKING pc=0x0000027a07583aa2 sp=0x0000008d9d8fe9e0 mode 2
Event: 38.955 Thread 0x0000027a56a8daa0 Uncommon trap: trap_request=0xffffffc6 fr.pc=0x0000027a07e7b0c0 relative=0x0000000000000a60
Event: 38.955 Thread 0x0000027a56a8daa0 Uncommon trap: reason=bimorphic_or_optimized_type_check action=maybe_recompile pc=0x0000027a07e7b0c0 method=java.util.regex.Pattern$CharPropertyGreedy.match(Ljava/util/regex/Matcher;ILjava/lang/CharSequence;)Z @ 64 c2
Event: 38.955 Thread 0x0000027a56a8daa0 DEOPT PACKING pc=0x0000027a07e7b0c0 sp=0x0000008d9d8fea60
Event: 38.955 Thread 0x0000027a56a8daa0 DEOPT UNPACKING pc=0x0000027a07583aa2 sp=0x0000008d9d8fe9e0 mode 2
Event: 38.983 Thread 0x0000027a56a8daa0 Uncommon trap: trap_request=0xffffff45 fr.pc=0x0000027a07e59050 relative=0x00000000000003d0
Event: 38.983 Thread 0x0000027a56a8daa0 Uncommon trap: reason=unstable_if action=reinterpret pc=0x0000027a07e59050 method=java.util.concurrent.LinkedTransferQueue$DualNode.await(Ljava/lang/Object;JLjava/lang/Object;Z)Ljava/lang/Object; @ 140 c2
Event: 38.983 Thread 0x0000027a56a8daa0 DEOPT PACKING pc=0x0000027a07e59050 sp=0x0000008d9d8ff0f0
Event: 38.983 Thread 0x0000027a7eeb5a60 Uncommon trap: trap_request=0xffffff45 fr.pc=0x0000027a07cbf084 relative=0x0000000000000324
Event: 38.983 Thread 0x0000027a56a8daa0 DEOPT UNPACKING pc=0x0000027a07583aa2 sp=0x0000008d9d8ff070 mode 2
Event: 38.983 Thread 0x0000027a7eeb5a60 Uncommon trap: reason=unstable_if action=reinterpret pc=0x0000027a07cbf084 method=java.lang.ThreadLocal$ThreadLocalMap.set(Ljava/lang/ThreadLocal;Ljava/lang/Object;)V @ 116 c2
Event: 38.983 Thread 0x0000027a7eeb5a60 DEOPT PACKING pc=0x0000027a07cbf084 sp=0x0000008d9cffe5b0
Event: 38.983 Thread 0x0000027a7eeb5a60 DEOPT UNPACKING pc=0x0000027a07583aa2 sp=0x0000008d9cffe538 mode 2
Event: 39.161 Thread 0x0000027a7eeb5a60 Uncommon trap: trap_request=0xffffff45 fr.pc=0x0000027a07ef34d0 relative=0x0000000000001830
Event: 39.161 Thread 0x0000027a7eeb5a60 Uncommon trap: reason=unstable_if action=reinterpret pc=0x0000027a07ef34d0 method=java.io.WinNTFileSystem.normalize(Ljava/lang/String;II)Ljava/lang/String; @ 125 c2
Event: 39.161 Thread 0x0000027a7eeb5a60 DEOPT PACKING pc=0x0000027a07ef34d0 sp=0x0000008d9cffdfb0
Event: 39.161 Thread 0x0000027a7eeb5a60 DEOPT UNPACKING pc=0x0000027a07583aa2 sp=0x0000008d9cffdf90 mode 2

Classes loaded (20 events):
Event: 34.344 Loading class java/util/concurrent/ConcurrentHashMap$ValueSpliterator
Event: 34.346 Loading class java/util/concurrent/ConcurrentHashMap$ValueSpliterator done
Event: 34.348 Loading class jdk/internal/loader/BootLoader$PackageHelper
Event: 34.350 Loading class jdk/internal/loader/BootLoader$PackageHelper done
Event: 35.607 Loading class java/lang/Class$EnclosingMethodInfo
Event: 35.607 Loading class java/lang/Class$EnclosingMethodInfo done
Event: 37.770 Loading class java/lang/FunctionalInterface
Event: 37.770 Loading class java/lang/FunctionalInterface done
Event: 38.499 Loading class java/lang/invoke/BoundMethodHandle$Species_LLLLLLLLLL
Event: 38.499 Loading class java/lang/invoke/BoundMethodHandle$Species_LLLLLLLLLL done
Event: 38.502 Loading class java/lang/invoke/BoundMethodHandle$Species_LLLLLLLLLLL
Event: 38.502 Loading class java/lang/invoke/BoundMethodHandle$Species_LLLLLLLLLLL done
Event: 39.052 Loading class java/util/AbstractList$ListItr
Event: 39.052 Loading class java/util/AbstractList$ListItr done
Event: 39.131 Loading class java/nio/file/DirectoryNotEmptyException
Event: 39.131 Loading class java/nio/file/DirectoryNotEmptyException done
Event: 39.144 Loading class java/util/AbstractMap$2
Event: 39.144 Loading class java/util/AbstractMap$2 done
Event: 39.146 Loading class java/util/AbstractMap$2$1
Event: 39.146 Loading class java/util/AbstractMap$2$1 done

Classes unloaded (7 events):
Event: 18.886 Thread 0x0000027a750230f0 Unloading class 0x0000027a101b9000 'java/lang/invoke/LambdaForm$MH+0x0000027a101b9000'
Event: 18.886 Thread 0x0000027a750230f0 Unloading class 0x0000027a101b8c00 'java/lang/invoke/LambdaForm$MH+0x0000027a101b8c00'
Event: 18.886 Thread 0x0000027a750230f0 Unloading class 0x0000027a101b8800 'java/lang/invoke/LambdaForm$MH+0x0000027a101b8800'
Event: 18.886 Thread 0x0000027a750230f0 Unloading class 0x0000027a101b8400 'java/lang/invoke/LambdaForm$MH+0x0000027a101b8400'
Event: 18.886 Thread 0x0000027a750230f0 Unloading class 0x0000027a101b8000 'java/lang/invoke/LambdaForm$BMH+0x0000027a101b8000'
Event: 18.886 Thread 0x0000027a750230f0 Unloading class 0x0000027a101b7c00 'java/lang/invoke/LambdaForm$DMH+0x0000027a101b7c00'
Event: 18.886 Thread 0x0000027a750230f0 Unloading class 0x0000027a101b6800 'java/lang/invoke/LambdaForm$DMH+0x0000027a101b6800'

Classes redefined (0 events):
No events

Internal exceptions (20 events):
Event: 33.639 Thread 0x0000027a7eeb5a60 Exception <a 'sun/nio/fs/WindowsException'{0x00000000d62faea8}> (0x00000000d62faea8) 
thrown [s\src\hotspot\share\prims\jni.cpp, line 520]
Event: 33.640 Thread 0x0000027a7eeb5a60 Exception <a 'sun/nio/fs/WindowsException'{0x00000000d62fec90}> (0x00000000d62fec90) 
thrown [s\src\hotspot\share\prims\jni.cpp, line 520]
Event: 33.640 Thread 0x0000027a7eeb5a60 Exception <a 'sun/nio/fs/WindowsException'{0x00000000d62ff290}> (0x00000000d62ff290) 
thrown [s\src\hotspot\share\prims\jni.cpp, line 520]
Event: 33.640 Thread 0x0000027a7eeb5a60 Exception <a 'sun/nio/fs/WindowsException'{0x00000000d62ff890}> (0x00000000d62ff890) 
thrown [s\src\hotspot\share\prims\jni.cpp, line 520]
Event: 33.640 Thread 0x0000027a7eeb5a60 Exception <a 'sun/nio/fs/WindowsException'{0x00000000d62ffeb0}> (0x00000000d62ffeb0) 
thrown [s\src\hotspot\share\prims\jni.cpp, line 520]
Event: 33.642 Thread 0x0000027a7eeb5a60 Exception <a 'sun/nio/fs/WindowsException'{0x00000000d6303958}> (0x00000000d6303958) 
thrown [s\src\hotspot\share\prims\jni.cpp, line 520]
Event: 33.642 Thread 0x0000027a7eeb5a60 Exception <a 'sun/nio/fs/WindowsException'{0x00000000d6303ef0}> (0x00000000d6303ef0) 
thrown [s\src\hotspot\share\prims\jni.cpp, line 520]
Event: 33.642 Thread 0x0000027a7eeb5a60 Exception <a 'sun/nio/fs/WindowsException'{0x00000000d6304498}> (0x00000000d6304498) 
thrown [s\src\hotspot\share\prims\jni.cpp, line 520]
Event: 33.642 Thread 0x0000027a7eeb5a60 Exception <a 'sun/nio/fs/WindowsException'{0x00000000d6304a50}> (0x00000000d6304a50) 
thrown [s\src\hotspot\share\prims\jni.cpp, line 520]
Event: 33.980 Thread 0x0000027a7eeb5a60 Exception <a 'java/lang/NoSuchMethodError'{0x00000000d6a4a8e0}: 'java.lang.Object java.lang.invoke.DirectMethodHandle$Holder.invokeVirtual(java.lang.Object, java.lang.Object, java.lang.Object, java.lang.Object)'> (0x00000000d6a4a8e0) 
thrown [s\src\hotspot\share\interpreter\linkResolver.cpp, line 773]
Event: 33.988 Thread 0x0000027a7eeb5a60 Exception <a 'java/lang/NoSuchMethodError'{0x00000000d6a6d870}: 'java.lang.Object java.lang.invoke.DirectMethodHandle$Holder.invokeVirtual(java.lang.Object, java.lang.Object, java.lang.Object, java.lang.Object, java.lang.Object)'> (0x00000000d6a6d870) 
thrown [s\src\hotspot\share\interpreter\linkResolver.cpp, line 773]
Event: 37.978 Thread 0x0000027a56a8daa0 Exception <a 'java/lang/NoSuchMethodError'{0x00000000d56e7e48}: 'java.lang.Object java.lang.invoke.DirectMethodHandle$Holder.invokeVirtual(java.lang.Object, java.lang.Object, java.lang.Object, java.lang.Object, java.lang.Object, java.lang.Object)'> (0x00000000d56e7e48) 
thrown [s\src\hotspot\share\interpreter\linkResolver.cpp, line 773]
Event: 38.149 Thread 0x0000027a56a8daa0 Exception <a 'java/lang/NoSuchMethodError'{0x00000000d5bd3d20}: 'java.lang.Object java.lang.invoke.DirectMethodHandle$Holder.invokeVirtual(java.lang.Object, java.lang.Object, java.lang.Object, java.lang.Object, java.lang.Object, java.lang.Object, java.lang.Object)'> (0x00000000d5bd3d20) 
thrown [s\src\hotspot\share\interpreter\linkResolver.cpp, line 773]
Event: 38.258 Thread 0x0000027a7eca72e0 Implicit null exception at 0x0000027a07e56cbd to 0x0000027a07e5710c
Event: 38.372 Thread 0x0000027a56a8daa0 Exception <a 'java/lang/NoSuchMethodError'{0x00000000d5723078}: 'java.lang.Object java.lang.invoke.DirectMethodHandle$Holder.invokeVirtual(java.lang.Object, java.lang.Object, java.lang.Object, java.lang.Object, java.lang.Object, java.lang.Object, java.lang.Object, java.lang.Object)'> (0x00000000d5723078) 
thrown [s\src\hotspot\share\interpreter\linkResolver.cpp, line 773]
Event: 38.490 Thread 0x0000027a56a8daa0 Exception <a 'java/lang/NoSuchMethodError'{0x00000000d5abf238}: 'java.lang.Object java.lang.invoke.DirectMethodHandle$Holder.invokeVirtual(java.lang.Object, java.lang.Object, java.lang.Object, java.lang.Object, java.lang.Object, java.lang.Object, java.lang.Object, java.lang.Object, java.lang.Object, java.lang.Object, java.lang.Object, java.lang.Object)'> (0x00000000d5abf238) 
thrown [s\src\hotspot\share\interpreter\linkResolver.cpp, line 773]
Event: 38.500 Thread 0x0000027a56a8daa0 Exception <a 'java/lang/NoSuchMethodError'{0x00000000d5b0d480}: 'java.lang.Object java.lang.invoke.DirectMethodHandle$Holder.invokeStatic(java.lang.Object, java.lang.Object, java.lang.Object, java.lang.Object, java.lang.Object, java.lang.Object, java.lang.Object, java.lang.Object, java.lang.Object, java.lang.Object, java.lang.Object, java.lang.Object, java.lang.Object)'> (0x00000000d5b0d480) 
thrown [s\src\hotspot\share\interpreter\linkResolver.cpp, line 773]
Event: 38.504 Thread 0x0000027a56a8daa0 Exception <a 'java/lang/NoSuchMethodError'{0x00000000d5b31220}: 'java.lang.Object java.lang.invoke.DirectMethodHandle$Holder.invokeStatic(java.lang.Object, java.lang.Object, java.lang.Object, java.lang.Object, java.lang.Object, java.lang.Object, java.lang.Object, java.lang.Object, java.lang.Object, java.lang.Object, java.lang.Object, java.lang.Object, java.lang.Object, java.lang.Object)'> (0x00000000d5b31220) 
thrown [s\src\hotspot\share\interpreter\linkResolver.cpp, line 773]
Event: 39.145 Thread 0x0000027a7eeb5a60 Exception <a 'java/lang/NoSuchMethodError'{0x00000000d5a9a438}: 'java.lang.Object java.lang.invoke.DirectMethodHandle$Holder.invokeStaticInit(java.lang.Object, int)'> (0x00000000d5a9a438) 
thrown [s\src\hotspot\share\interpreter\linkResolver.cpp, line 773]
Event: 39.152 Thread 0x0000027a7eeb5a60 Exception <a 'sun/nio/fs/WindowsException'{0x00000000d5acf708}> (0x00000000d5acf708) 
thrown [s\src\hotspot\share\prims\jni.cpp, line 520]

ZGC Phase Switch (0 events):
No events

VM Operations (20 events):
Event: 36.763 Executing safepoint VM operation: ParallelGCFailedAllocation (Allocation Failure)
Event: 36.764 Executing safepoint VM operation: ParallelGCFailedAllocation (Allocation Failure) done
Event: 37.139 Executing safepoint VM operation: ParallelGCFailedAllocation (Allocation Failure)
Event: 37.140 Executing safepoint VM operation: ParallelGCFailedAllocation (Allocation Failure) done
Event: 37.432 Executing safepoint VM operation: ParallelGCFailedAllocation (Allocation Failure)
Event: 37.434 Executing safepoint VM operation: ParallelGCFailedAllocation (Allocation Failure) done
Event: 37.925 Executing safepoint VM operation: ParallelGCFailedAllocation (Allocation Failure)
Event: 37.928 Executing safepoint VM operation: ParallelGCFailedAllocation (Allocation Failure) done
Event: 37.931 Executing non-safepoint VM operation: HandshakeAllThreads (Deoptimize)
Event: 37.931 Executing non-safepoint VM operation: HandshakeAllThreads (Deoptimize) done
Event: 37.937 Executing non-safepoint VM operation: HandshakeAllThreads (Deoptimize)
Event: 37.937 Executing non-safepoint VM operation: HandshakeAllThreads (Deoptimize) done
Event: 38.326 Executing safepoint VM operation: ParallelGCFailedAllocation (Allocation Failure)
Event: 38.332 Executing safepoint VM operation: ParallelGCFailedAllocation (Allocation Failure) done
Event: 38.760 Executing safepoint VM operation: ParallelGCFailedAllocation (Allocation Failure)
Event: 38.762 Executing safepoint VM operation: ParallelGCFailedAllocation (Allocation Failure) done
Event: 38.814 Executing safepoint VM operation: CollectForMetadataAllocation (Metadata GC Threshold)
Event: 38.902 Executing safepoint VM operation: CollectForMetadataAllocation (Metadata GC Threshold) done
Event: 39.054 Executing non-safepoint VM operation: HandshakeAllThreads (Deoptimize)
Event: 39.054 Executing non-safepoint VM operation: HandshakeAllThreads (Deoptimize) done

Memory protections (0 events):
No events

Nmethod flushes (20 events):
Event: 38.860 Thread 0x0000027a750230f0 flushing  nmethod 0x0000027a00a0af90
Event: 38.860 Thread 0x0000027a750230f0 flushing  nmethod 0x0000027a00a0bf90
Event: 38.860 Thread 0x0000027a750230f0 flushing  nmethod 0x0000027a00a0c410
Event: 38.860 Thread 0x0000027a750230f0 flushing  nmethod 0x0000027a00a0cd10
Event: 38.860 Thread 0x0000027a750230f0 flushing  nmethod 0x0000027a00a0d290
Event: 38.860 Thread 0x0000027a750230f0 flushing  nmethod 0x0000027a00a0e490
Event: 38.860 Thread 0x0000027a750230f0 flushing  nmethod 0x0000027a00a0f390
Event: 38.860 Thread 0x0000027a750230f0 flushing  nmethod 0x0000027a00a0f990
Event: 38.860 Thread 0x0000027a750230f0 flushing  nmethod 0x0000027a00a10210
Event: 38.860 Thread 0x0000027a750230f0 flushing  nmethod 0x0000027a00a10910
Event: 38.860 Thread 0x0000027a750230f0 flushing  nmethod 0x0000027a00a11490
Event: 38.860 Thread 0x0000027a750230f0 flushing  nmethod 0x0000027a00a11990
Event: 38.860 Thread 0x0000027a750230f0 flushing  nmethod 0x0000027a00a12710
Event: 38.860 Thread 0x0000027a750230f0 flushing  nmethod 0x0000027a00a12a90
Event: 38.860 Thread 0x0000027a750230f0 flushing  nmethod 0x0000027a00a1b190
Event: 38.860 Thread 0x0000027a750230f0 flushing  nmethod 0x0000027a00a2ce10
Event: 38.860 Thread 0x0000027a750230f0 flushing  nmethod 0x0000027a00a3a890
Event: 38.860 Thread 0x0000027a750230f0 flushing  nmethod 0x0000027a00a40110
Event: 38.860 Thread 0x0000027a750230f0 flushing  nmethod 0x0000027a00a46210
Event: 38.860 Thread 0x0000027a750230f0 flushing  nmethod 0x0000027a00a6a490

Events (20 events):
Event: 34.958 Thread 0x0000027a7ec8de30 Thread exited: 0x0000027a7ec8de30
Event: 34.959 Thread 0x0000027a7ec87bc0 Thread exited: 0x0000027a7ec87bc0
Event: 34.959 Thread 0x0000027a7ec8b6d0 Thread exited: 0x0000027a7ec8b6d0
Event: 34.959 Thread 0x0000027a7ec8c3f0 Thread exited: 0x0000027a7ec8c3f0
Event: 34.966 Thread 0x0000027a7ec8ca80 Thread exited: 0x0000027a7ec8ca80
Event: 34.967 Thread 0x0000027a7ec8d7a0 Thread exited: 0x0000027a7ec8d7a0
Event: 34.967 Thread 0x0000027a7ec88250 Thread exited: 0x0000027a7ec88250
Event: 34.967 Thread 0x0000027a7ec8bd60 Thread exited: 0x0000027a7ec8bd60
Event: 36.643 Thread 0x0000027a546c9c70 Thread exited: 0x0000027a546c9c70
Event: 36.811 Thread 0x0000027a7e312f50 Thread added: 0x0000027a56e997b0
Event: 37.322 Thread 0x0000027a56e997b0 Thread exited: 0x0000027a56e997b0
Event: 37.525 Thread 0x0000027a7ec888e0 Thread exited: 0x0000027a7ec888e0
Event: 37.551 Thread 0x0000027a7e312f50 Thread added: 0x0000027a56e99e80
Event: 37.864 Thread 0x0000027a56e99e80 Thread exited: 0x0000027a56e99e80
Event: 37.985 Thread 0x0000027a750457a0 Thread added: 0x0000027a56e997b0
Event: 38.984 Thread 0x0000027a56a8daa0 Thread exited: 0x0000027a56a8daa0
Event: 39.030 Thread 0x0000027a7eeb5a60 Thread added: 0x0000027a56a8c6f0
Event: 39.035 Thread 0x0000027a7eeb5a60 Thread added: 0x0000027a56a8cd80
Event: 39.079 Thread 0x0000027a56a8cd80 Thread exited: 0x0000027a56a8cd80
Event: 39.086 Thread 0x0000027a7eeb5a60 Thread added: 0x0000027a56a8cd80


Dynamic libraries:
0x00007ff734f00000 - 0x00007ff734f0e000 	c:\Users\ELCOT\.antigravity-ide\extensions\redhat.java-1.53.0-win32-x64\jre\21.0.10-win32-x86_64\bin\java.exe
0x00007ffb95120000 - 0x00007ffb95387000 	C:\WINDOWS\SYSTEM32\ntdll.dll
0x00007ffb93a20000 - 0x00007ffb93ae9000 	C:\WINDOWS\System32\KERNEL32.DLL
0x00007ffb927f0000 - 0x00007ffb92be7000 	C:\WINDOWS\System32\KERNELBASE.dll
0x00007ffb8eeb0000 - 0x00007ffb8ef50000 	C:\WINDOWS\SYSTEM32\apphelp.dll
0x00007ffb92c20000 - 0x00007ffb92d6b000 	C:\WINDOWS\System32\ucrtbase.dll
0x00007ffb568c0000 - 0x00007ffb568d8000 	c:\Users\ELCOT\.antigravity-ide\extensions\redhat.java-1.53.0-win32-x64\jre\21.0.10-win32-x86_64\bin\jli.dll
0x00007ffb93090000 - 0x00007ffb93256000 	C:\WINDOWS\System32\USER32.dll
0x00007ffb92bf0000 - 0x00007ffb92c17000 	C:\WINDOWS\System32\win32u.dll
0x00007ffb93040000 - 0x00007ffb9306b000 	C:\WINDOWS\System32\GDI32.dll
0x00007ffb92d70000 - 0x00007ffb92e9c000 	C:\WINDOWS\System32\gdi32full.dll
0x00007ffb91be0000 - 0x00007ffb91c83000 	C:\WINDOWS\System32\msvcp_win.dll
0x00007ffb5fa30000 - 0x00007ffb5fa4e000 	c:\Users\ELCOT\.antigravity-ide\extensions\redhat.java-1.53.0-win32-x64\jre\21.0.10-win32-x86_64\bin\VCRUNTIME140.dll
0x00007ffb7ce40000 - 0x00007ffb7d0d2000 	C:\WINDOWS\WinSxS\amd64_microsoft.windows.common-controls_6595b64144ccf1df_6.0.26100.8457_none_3e0b2faee331e92d\COMCTL32.dll
0x00007ffb93e00000 - 0x00007ffb93ea9000 	C:\WINDOWS\System32\msvcrt.dll
0x00007ffb942b0000 - 0x00007ffb942e2000 	C:\WINDOWS\System32\IMM32.DLL
0x00007ffb728b0000 - 0x00007ffb729a2000 	C:\Program Files\Windhawk\Engine\1.7.3\64\windhawk.dll
0x00007ffb936f0000 - 0x00007ffb937a6000 	C:\WINDOWS\System32\ADVAPI32.dll
0x00007ffb93b90000 - 0x00007ffb93c37000 	C:\WINDOWS\System32\sechost.dll
0x00007ffb94ec0000 - 0x00007ffb94fd8000 	C:\WINDOWS\System32\RPCRT4.dll
0x00007ffb8cef0000 - 0x00007ffb8cefc000 	c:\Users\ELCOT\.antigravity-ide\extensions\redhat.java-1.53.0-win32-x64\jre\21.0.10-win32-x86_64\bin\vcruntime140_1.dll
0x00007ffb45c80000 - 0x00007ffb45d0d000 	c:\Users\ELCOT\.antigravity-ide\extensions\redhat.java-1.53.0-win32-x64\jre\21.0.10-win32-x86_64\bin\msvcp140.dll
0x00007ffaa3d80000 - 0x00007ffaa4b21000 	c:\Users\ELCOT\.antigravity-ide\extensions\redhat.java-1.53.0-win32-x64\jre\21.0.10-win32-x86_64\bin\server\jvm.dll
0x00007ffb93d70000 - 0x00007ffb93df0000 	C:\WINDOWS\System32\WS2_32.dll
0x00007ffb919d0000 - 0x00007ffb91a2e000 	C:\WINDOWS\SYSTEM32\POWRPROF.dll
0x00007ffb87160000 - 0x00007ffb87196000 	C:\WINDOWS\SYSTEM32\WINMM.dll
0x00007ffb88370000 - 0x00007ffb8837b000 	C:\WINDOWS\SYSTEM32\VERSION.dll
0x00007ffb919b0000 - 0x00007ffb919c4000 	C:\WINDOWS\SYSTEM32\UMPDC.dll
0x00007ffb908e0000 - 0x00007ffb908fb000 	C:\WINDOWS\SYSTEM32\kernel.appcore.dll
0x00007ffb81230000 - 0x00007ffb8123a000 	c:\Users\ELCOT\.antigravity-ide\extensions\redhat.java-1.53.0-win32-x64\jre\21.0.10-win32-x86_64\bin\jimage.dll
0x00007ffb8fb20000 - 0x00007ffb8fd62000 	C:\WINDOWS\SYSTEM32\DBGHELP.DLL
0x00007ffb93f20000 - 0x00007ffb942a3000 	C:\WINDOWS\System32\combase.dll
0x00007ffb92f60000 - 0x00007ffb93039000 	C:\WINDOWS\System32\OLEAUT32.dll
0x00007ffb7b0b0000 - 0x00007ffb7b0eb000 	C:\WINDOWS\SYSTEM32\dbgcore.DLL
0x00007ffb92740000 - 0x00007ffb927e8000 	C:\WINDOWS\System32\bcryptPrimitives.dll
0x00007ffb68e30000 - 0x00007ffb68e3f000 	c:\Users\ELCOT\.antigravity-ide\extensions\redhat.java-1.53.0-win32-x64\jre\21.0.10-win32-x86_64\bin\instrument.dll
0x00007ffb68e40000 - 0x00007ffb68e60000 	c:\Users\ELCOT\.antigravity-ide\extensions\redhat.java-1.53.0-win32-x64\jre\21.0.10-win32-x86_64\bin\java.dll
0x00007ffb945e0000 - 0x00007ffb94d4e000 	C:\WINDOWS\System32\SHELL32.dll
0x00007ffb91e10000 - 0x00007ffb9267c000 	C:\WINDOWS\System32\windows.storage.dll
0x00007ffb93c60000 - 0x00007ffb93d56000 	C:\WINDOWS\System32\SHCORE.dll
0x00007ffb93eb0000 - 0x00007ffb93f16000 	C:\WINDOWS\System32\shlwapi.dll
0x00007ffb91a70000 - 0x00007ffb91a99000 	C:\WINDOWS\SYSTEM32\profapi.dll
0x00007ffb55890000 - 0x00007ffb558a8000 	c:\Users\ELCOT\.antigravity-ide\extensions\redhat.java-1.53.0-win32-x64\jre\21.0.10-win32-x86_64\bin\zip.dll
0x00007ffb80570000 - 0x00007ffb80580000 	C:\Users\ELCOT\.antigravity-ide\extensions\redhat.java-1.53.0-win32-x64\jre\21.0.10-win32-x86_64\bin\net.dll
0x00007ffb89fd0000 - 0x00007ffb8a0f9000 	C:\WINDOWS\SYSTEM32\WINHTTP.dll
0x00007ffb90e50000 - 0x00007ffb90ebc000 	C:\WINDOWS\system32\mswsock.dll
0x00007ffb51ad0000 - 0x00007ffb51ae6000 	C:\Users\ELCOT\.antigravity-ide\extensions\redhat.java-1.53.0-win32-x64\jre\21.0.10-win32-x86_64\bin\nio.dll
0x00007ffb68dc0000 - 0x00007ffb68dd0000 	c:\Users\ELCOT\.antigravity-ide\extensions\redhat.java-1.53.0-win32-x64\jre\21.0.10-win32-x86_64\bin\verify.dll
0x00007ffb60ce0000 - 0x00007ffb60d25000 	C:\Users\ELCOT\AppData\Roaming\Antigravity IDE\User\globalStorage\redhat.java\1.53.0\config_win\org.eclipse.equinox.launcher\org.eclipse.equinox.launcher.win32.win32.x86_64_1.3.0.v20260203-2149\eclipse_11919.dll
0x00007ffb93880000 - 0x00007ffb93a17000 	C:\WINDOWS\System32\ole32.dll
0x00007ffb743d0000 - 0x00007ffb743da000 	C:\Users\ELCOT\.antigravity-ide\extensions\redhat.java-1.53.0-win32-x64\jre\21.0.10-win32-x86_64\bin\management.dll
0x00007ffb73e10000 - 0x00007ffb73e1c000 	C:\Users\ELCOT\.antigravity-ide\extensions\redhat.java-1.53.0-win32-x64\jre\21.0.10-win32-x86_64\bin\management_ext.dll
0x00007ffb93d60000 - 0x00007ffb93d68000 	C:\WINDOWS\System32\PSAPI.DLL
0x00007ffb91130000 - 0x00007ffb9114b000 	C:\WINDOWS\SYSTEM32\CRYPTSP.dll
0x00007ffb90840000 - 0x00007ffb90879000 	C:\WINDOWS\system32\rsaenh.dll
0x00007ffb90f00000 - 0x00007ffb90f33000 	C:\WINDOWS\SYSTEM32\USERENV.dll
0x00007ffb91a40000 - 0x00007ffb91a6a000 	C:\WINDOWS\SYSTEM32\bcrypt.dll
0x00007ffb91150000 - 0x00007ffb9115c000 	C:\WINDOWS\SYSTEM32\CRYPTBASE.dll
0x00007ffb902d0000 - 0x00007ffb90302000 	C:\WINDOWS\SYSTEM32\IPHLPAPI.DLL
0x00007ffb93b80000 - 0x00007ffb93b8a000 	C:\WINDOWS\System32\NSI.dll
0x00007ffb4cd20000 - 0x00007ffb4cd69000 	C:\Users\ELCOT\AppData\Local\Temp\jna-66053985\jna7982109252636121885.dll
0x00007ffb8a7b0000 - 0x00007ffb8a7cd000 	C:\WINDOWS\SYSTEM32\dhcpcsvc6.DLL
0x00007ffb8a780000 - 0x00007ffb8a7a5000 	C:\WINDOWS\SYSTEM32\dhcpcsvc.DLL
0x00007ffb6ac10000 - 0x00007ffb6ac1e000 	C:\Users\ELCOT\.antigravity-ide\extensions\redhat.java-1.53.0-win32-x64\jre\21.0.10-win32-x86_64\bin\sunmscapi.dll
0x00007ffb91c90000 - 0x00007ffb91e08000 	C:\WINDOWS\System32\CRYPT32.dll
0x00007ffb91350000 - 0x00007ffb91380000 	C:\WINDOWS\SYSTEM32\ncrypt.dll
0x00007ffb91300000 - 0x00007ffb9133f000 	C:\WINDOWS\SYSTEM32\NTASN1.dll
0x00007ffb90310000 - 0x00007ffb90442000 	C:\WINDOWS\SYSTEM32\DNSAPI.dll
0x00007ffb8b630000 - 0x00007ffb8b63b000 	C:\Windows\System32\rasadhlp.dll
0x00007ffb8b7b0000 - 0x00007ffb8b836000 	C:\WINDOWS\System32\fwpuclnt.dll
0x00007ffb68fc0000 - 0x00007ffb68fc9000 	C:\Users\ELCOT\.antigravity-ide\extensions\redhat.java-1.53.0-win32-x64\jre\21.0.10-win32-x86_64\bin\extnet.dll
0x00007ffb68d90000 - 0x00007ffb68db7000 	C:\Users\ELCOT\.gradle\native\1def1411415f61bf3af743bc5b6707747c0891f09f0c88961ee8f79bc544acac\windows-amd64\native-platform.dll

JVMTI agents:
c:\Users\ELCOT\.antigravity-ide\extensions\redhat.java-1.53.0-win32-x64\lombok\lombok-1.18.39-4050.jar path:c:\Users\ELCOT\.antigravity-ide\extensions\redhat.java-1.53.0-win32-x64\jre\21.0.10-win32-x86_64\bin\instrument.dll, loaded, initialized, instrumentlib options:none

dbghelp: loaded successfully - version: 4.0.5 - missing functions: none
symbol engine: initialized successfully - sym options: 0x614 - pdb path: .;c:\Users\ELCOT\.antigravity-ide\extensions\redhat.java-1.53.0-win32-x64\jre\21.0.10-win32-x86_64\bin;C:\WINDOWS\SYSTEM32;C:\WINDOWS\WinSxS\amd64_microsoft.windows.common-controls_6595b64144ccf1df_6.0.26100.8457_none_3e0b2faee331e92d;C:\Program Files\Windhawk\Engine\1.7.3\64;c:\Users\ELCOT\.antigravity-ide\extensions\redhat.java-1.53.0-win32-x64\jre\21.0.10-win32-x86_64\bin\server;C:\Users\ELCOT\AppData\Roaming\Antigravity IDE\User\globalStorage\redhat.java\1.53.0\config_win\org.eclipse.equinox.launcher\org.eclipse.equinox.launcher.win32.win32.x86_64_1.3.0.v20260203-2149;C:\Users\ELCOT\AppData\Local\Temp\jna-66053985;C:\Users\ELCOT\.gradle\native\1def1411415f61bf3af743bc5b6707747c0891f09f0c88961ee8f79bc544acac\windows-amd64

VM Arguments:
jvm_args: --add-modules=ALL-SYSTEM --add-opens=java.base/java.util=ALL-UNNAMED --add-opens=java.base/java.lang=ALL-UNNAMED --add-opens=java.base/sun.nio.fs=ALL-UNNAMED -Declipse.application=org.eclipse.jdt.ls.core.id1 -Dosgi.bundles.defaultStartLevel=4 -Declipse.product=org.eclipse.jdt.ls.core.product -Djava.import.generatesMetadataFilesAtProjectRoot=false -DDetectVMInstallationsJob.disabled=true -Dfile.encoding=utf8 -XX:+UseParallelGC -XX:GCTimeRatio=4 -XX:AdaptiveSizePolicyWeight=90 -Dsun.zip.disableMemoryMapping=true -Xmx2G -Xms100m -Xlog:disable -javaagent:c:\Users\ELCOT\.antigravity-ide\extensions\redhat.java-1.53.0-win32-x64\lombok\lombok-1.18.39-4050.jar -XX:+HeapDumpOnOutOfMemoryError -XX:HeapDumpPath=c:\Users\ELCOT\AppData\Roaming\Antigravity IDE\User\workspaceStorage\179ff6db03cb26d44bfb8b798defc7a6\redhat.java -Daether.dependencyCollector.impl=bf 
java_command: c:\Users\ELCOT\.antigravity-ide\extensions\redhat.java-1.53.0-win32-x64\server\plugins\org.eclipse.equinox.launcher_1.7.100.v20251111-0406.jar -configuration c:\Users\ELCOT\AppData\Roaming\Antigravity IDE\User\globalStorage\redhat.java\1.53.0\config_win -data c:\Users\ELCOT\AppData\Roaming\Antigravity IDE\User\workspaceStorage\179ff6db03cb26d44bfb8b798defc7a6\redhat.java\jdt_ws --pipe=\\.\pipe\lsp-8a532f05f582d1458aaf3f0e6b627959-sock
java_class_path (initial): c:\Users\ELCOT\.antigravity-ide\extensions\redhat.java-1.53.0-win32-x64\server\plugins\org.eclipse.equinox.launcher_1.7.100.v20251111-0406.jar
Launcher Type: SUN_STANDARD

[Global flags]
    uintx AdaptiveSizePolicyWeight                 = 90                                        {product} {command line}
     intx CICompilerCount                          = 4                                         {product} {ergonomic}
    uintx GCTimeRatio                              = 4                                         {product} {command line}
     bool HeapDumpOnOutOfMemoryError               = true                                   {manageable} {command line}
    ccstr HeapDumpPath                             = c:\Users\ELCOT\AppData\Roaming\Antigravity IDE\User\workspaceStorage\179ff6db03cb26d44bfb8b798defc7a6\redhat.java         {manageable} {command line}
   size_t InitialHeapSize                          = 104857600                                 {product} {command line}
   size_t MaxHeapSize                              = 2147483648                                {product} {command line}
   size_t MaxNewSize                               = 715653120                                 {product} {ergonomic}
   size_t MinHeapDeltaBytes                        = 524288                                    {product} {ergonomic}
   size_t MinHeapSize                              = 104857600                                 {product} {command line}
   size_t NewSize                                  = 34603008                                  {product} {ergonomic}
    uintx NonNMethodCodeHeapSize                   = 5839372                                {pd product} {ergonomic}
    uintx NonProfiledCodeHeapSize                  = 122909434                              {pd product} {ergonomic}
   size_t OldSize                                  = 70254592                                  {product} {ergonomic}
    uintx ProfiledCodeHeapSize                     = 122909434                              {pd product} {ergonomic}
    uintx ReservedCodeCacheSize                    = 251658240                              {pd product} {ergonomic}
     bool SegmentedCodeCache                       = true                                      {product} {ergonomic}
   size_t SoftMaxHeapSize                          = 2147483648                             {manageable} {ergonomic}
     bool UseCompressedOops                        = true                           {product lp64_product} {ergonomic}
     bool UseLargePagesIndividualAllocation        = false                                  {pd product} {ergonomic}
     bool UseParallelGC                            = true                                      {product} {command line}

Logging:
Log output configuration:
 #0: stdout all=off uptime,level,tags foldmultilines=false
 #1: stderr all=off uptime,level,tags foldmultilines=false

Release file:
JAVA_VERSION="21.0.10" 
MODULES="java.base java.compiler java.datatransfer java.xml java.prefs java.desktop java.instrument java.logging java.management java.security.sasl java.naming java.rmi java.management.rmi java.net.http java.scripting java.security.jgss java.transaction.xa java.sql java.sql.rowset java.xml.crypto java.se java.smartcardio jdk.accessibility jdk.internal.jvmstat jdk.attach jdk.charsets jdk.internal.opt jdk.zipfs jdk.compiler jdk.crypto.ec jdk.crypto.cryptoki jdk.crypto.mscapi jdk.dynalink jdk.internal.ed jdk.editpad jdk.hotspot.agent jdk.httpserver jdk.internal.le jdk.internal.vm.ci jdk.internal.vm.compiler jdk.internal.vm.compiler.management jdk.jartool jdk.javadoc jdk.jcmd jdk.management jdk.management.agent jdk.jconsole jdk.jdeps jdk.jdwp.agent jdk.jdi jdk.jfr jdk.jshell jdk.jsobject jdk.jstatd jdk.localedata jdk.management.jfr jdk.naming.dns jdk.naming.rmi jdk.net jdk.nio.mapmode jdk.random jdk.sctp jdk.security.auth jdk.security.jgss jdk.unsupported jdk.unsupported.desktop jdk.xml.dom" 

Environment Variables:
PATH=C:\Program Files (x86)\Microsoft\Edge\Application;C:\oraclexe\app\oracle\product\11.2.0\server\bin;C:\Program Files\Common Files\Oracle\Java\javapath;C:\WINDOWS\system32;C:\WINDOWS;C:\WINDOWS\System32\Wbem;C:\WINDOWS\System32\WindowsPowerShell\v1.0\;C:\WINDOWS\System32\OpenSSH\;C:\Program Files\dotnet\;C:\Program Files\nodejs\;C:\Program Files\MySQL\MySQL Server 8.0\bin;C:\Program Files\MySQL\MySQL Shell 8.0\bin\;C:\Users\ELCOT\AppData\Local\Microsoft\WindowsApps;C:\Users\ELCOT\AppData\Local\Programs\Microsoft VS Code\bin;C:\Users\ELCOT\AppData\Roaming\npm;C:\Users\ELCOT\AppData\Local\Programs\Antigravity\bin;C:\Users\ELCOT\AppData\Local\Python\bin;C:\adb;C:\Program Files\Git\cmd;C:\Users\ELCOT\Downloads\mongodb-windows-x86_64-8.3.2\mongodb-win32-x86_64-windows-8.3.2\bin;C:\Users\ELCOT\AppData\Local\Programs\Python\Python312\Scripts\;C:\Users\ELCOT\AppData\Local\Programs\Python\Python312\;C:\Users\ELCOT\AppData\Local\Programs\Python\Launcher\;C:\Users\ELCOT\AppData\Local\Microsoft\WindowsApps;C:\Users\ELCOT\AppData\Local\Programs\Microsoft VS Code\bin;C:\Users\ELCOT\AppData\Roaming\npm;C:\Users\ELCOT\AppData\Local\Python\bin;C:\Users\ELCOT\Downloads\flutter_windows_3.44.0-stable\flutter\bin;C:\Users\ELCOT\Downloads\mongodb-windows-x86_64-8.3.2\mongodb-win32-x86_64-windows-8.3.2\binC:\Users\ELCOT\Downloads\mongodb-windows-x86_64-8.3.2\mongodb-win32-x86_64-windows-8.3.2\bin;
USERNAME=ELCOT
OS=Windows_NT
PROCESSOR_IDENTIFIER=AMD64 Family 23 Model 160 Stepping 0, AuthenticAMD
TMP=C:\Users\ELCOT\AppData\Local\Temp
TEMP=C:\Users\ELCOT\AppData\Local\Temp




Periodic native trim disabled

---------------  S Y S T E M  ---------------

OS:
 Windows 11 , 64 bit Build 26100 (10.0.26100.8328)
OS uptime: 0 days 18:17 hours
Hyper-V role detected

CPU: total 8 (initial active 8) (8 cores per cpu, 2 threads per core) family 23 model 160 stepping 0 microcode 0x8a0000b, cx8, cmov, fxsr, ht, mmx, 3dnowpref, sse, sse2, sse3, ssse3, sse4a, sse4.1, sse4.2, popcnt, lzcnt, tsc, tscinvbit, avx, avx2, aes, clmul, bmi1, bmi2, adx, sha, fma, vzeroupper, clflush, clflushopt, hv, rdtscp, rdpid, f16c
Processor Information for the first 8 processors :
  Max Mhz: 2401, Current Mhz: 2401, Mhz Limit: 2401

Memory: 4k page, system-wide physical 7379M (400M free)
TotalPageFile size 29907M (AvailPageFile size 14M)
current process WorkingSet (physical memory assigned to process): 232M, peak: 251M
current process commit charge ("private bytes"): 373M, peak: 391M

vm_info: OpenJDK 64-Bit Server VM (21.0.10+7-LTS) for windows-amd64 JRE (21.0.10+7-LTS), built on 2026-01-20T00:00:00Z by "admin" with MS VC++ 17.12 (VS2022)

END.
